[boost4u.cc/index.html]
[boost4u.cc/faq.html]
[boost4u.cc/vouches.html]
[backblue.gif]
[fade.gif]
[index.html]
[fonts.googleapis.com/index.html]
[boost4u.cc/normalize.css]
[cdnjs.cloudflare.com/ajax/libs/jquery-modal/0.9.1/jquery.modal.min.css]
[boost4u.cc/globalfdd7.css]
[boost4u.cc/responsivefdd7.css]
[boost4u.cc/images/faviconf519.png]
[boost4u.cc/images/faviconfdd7.png]
[cdn.sellix.io/static/js/embed.js]
[unpkg.com/aos@2.3.1/dist/aos2.d.delayed]
[boost4u.cc/index-2.html]
[boost4u.cc/images/logofdd7.png]
[discord.com/invite/boost4u.html]
[client.crisp.chat/l.js]
[boost4u.cc/images/herofdd7.png]
[boost4u.cc/images/partner.png]
[boost4u.cc/images/hero2fdd7.png]
[boost4u.cc/images/checked.webp]
[imagedelivery.net/95QNzrEeP7RU5l5WdbyrKw/89f48855-7c91-4a1b-1ed2-c09fd0543e00/shopitem.jpg]
[imagedelivery.net/95QNzrEeP7RU5l5WdbyrKw/c501814a-0029-481c-7ea7-d083e0324200/shopitem.jpg]
[imagedelivery.net/95QNzrEeP7RU5l5WdbyrKw/8b1c1b08-62d4-4829-425b-738651da1600/shopitem.png]
[imagedelivery.net/95QNzrEeP7RU5l5WdbyrKw/12846cc2-aae6-47da-41a3-d2d3e9026f00/shopitem.png]
[imagedelivery.net/95QNzrEeP7RU5l5WdbyrKw/4fbb42a3-08e1-49cd-7e5e-7720f68e9500/shopitem.png]
[imagedelivery.net/95QNzrEeP7RU5l5WdbyrKw/aaaae035-3d93-48f8-f76a-7e0491584700/shopitem.png]
[imagedelivery.net/95QNzrEeP7RU5l5WdbyrKw/26a91298-7ee6-4713-bad6-043566249100/shopitem.png]
[imagedelivery.net/95QNzrEeP7RU5l5WdbyrKw/c0a02e31-062d-4ee8-0f0d-0c10ab0f8500/shopitem.png]
[imagedelivery.net/95QNzrEeP7RU5l5WdbyrKw/156276b8-6d2a-4573-7013-029bfb594400/shopitem.png]
[imagedelivery.net/95QNzrEeP7RU5l5WdbyrKw/522cfa40-a801-41e9-ade6-e91069ecc400/shopitem.png]
[imagedelivery.net/95QNzrEeP7RU5l5WdbyrKw/7cefe1cd-4be7-4a3a-b13d-30f26bf11800/shopitem.png]
[imagedelivery.net/95QNzrEeP7RU5l5WdbyrKw/8fdde65f-4d7e-4984-8f84-7b83fc790c00/shopitem.png]
[imagedelivery.net/95QNzrEeP7RU5l5WdbyrKw/e0911c98-52df-4f2e-5473-b1dde7833000/shopitem.png]
[imagedelivery.net/95QNzrEeP7RU5l5WdbyrKw/accb6c60-332e-4dbc-b8ea-3dbcf119dc00/shopitem.png]
[imagedelivery.net/95QNzrEeP7RU5l5WdbyrKw/d0ca2fed-0850-4834-0a59-887368baf900/shopitem.png]
[imagedelivery.net/95QNzrEeP7RU5l5WdbyrKw/ef78ee8e-cb9f-4a24-9cce-4d510d550b00/shopitem.png]
[imagedelivery.net/95QNzrEeP7RU5l5WdbyrKw/ddd5d397-0eaa-475b-affd-212988a0c700/shopitem.png]
[imagedelivery.net/95QNzrEeP7RU5l5WdbyrKw/85b5c2ae-a59d-4b54-fcd2-894dab66c300/shopitem.png]
[imagedelivery.net/95QNzrEeP7RU5l5WdbyrKw/e9286ad7-310b-4d96-c37d-0766a5d57e00/shopitem.png]
[imagedelivery.net/95QNzrEeP7RU5l5WdbyrKw/bf62ac28-8203-440a-2c3e-0fecd3fdf400/shopitem.png]
[imagedelivery.net/95QNzrEeP7RU5l5WdbyrKw/5ab44d2e-2a91-49b5-22c0-104ef9b59100/shopitem.png]
[imagedelivery.net/95QNzrEeP7RU5l5WdbyrKw/f6a5c87c-4e32-416d-830a-e76b4d4f3b00/shopitem.png]
[imagedelivery.net/95QNzrEeP7RU5l5WdbyrKw/8621945e-a976-4b92-2f66-8e6b8f157500/shopitem.png]
[imagedelivery.net/95QNzrEeP7RU5l5WdbyrKw/22dc7c52-966d-4d5b-9422-cfeb673efd00/shopitem.png]
[imagedelivery.net/95QNzrEeP7RU5l5WdbyrKw/68ba54b5-8a4e-4fcd-96dc-13432b4a6100/shopitem.png]
[imagedelivery.net/95QNzrEeP7RU5l5WdbyrKw/af54d31c-ebd8-4f84-0691-37d36767e900/shopitem.png]
[imagedelivery.net/95QNzrEeP7RU5l5WdbyrKw/f9aa4ff6-6a8d-4bd2-b7f5-eaab351e5400/shopitem.png]
[imagedelivery.net/95QNzrEeP7RU5l5WdbyrKw/0be73370-bc7e-4336-0c1d-6fecbb339d00/shopitem.png]
[imagedelivery.net/95QNzrEeP7RU5l5WdbyrKw/a999ac96-7359-4575-339a-070c6061e600/shopitem.png]
[boost4u.cc/tos.html]
[ajax.googleapis.com/ajax/libs/jquery/3.6.1/jquery.min.js]
[unpkg.com/aos@2.3.1/dist/aos.js]
[cdnjs.cloudflare.com/ajax/libs/jquery-modal/0.9.1/jquery.modal.min.js]
[boost4u.cc/generalfdd7.js]
[boost4u.cc/index.html]
[boost4u.cc/cdn-cgi/challenge-platform/h/b/scripts/jsd/6790c32b9fc9/maind41d.js]
[boost4u.cc/global63d0.css]
[boost4u.cc/responsive63d0.css]
[boost4u.cc/images/favicon63d0.png]
[boost4u.cc/images/logo63d0.png]
[boost4u.cc/faq.html]
[boost4u.cc/vouches.html]
[boost4u.cc/general63d0.js]
[fonts.googleapis.com/index.html]
[fonts.gstatic.com/index.html]
[fonts.gstatic.com/s/onest/v6/gNMZW3F-SZuj7zOT0IfSjTS16cPh9R6Zsg.ttf]
[fonts.gstatic.com/s/onest/v6/gNMZW3F-SZuj7zOT0IfSjTS16cPhdR-Zsg.ttf]
[fonts.gstatic.com/s/onest/v6/gNMZW3F-SZuj7zOT0IfSjTS16cPhqx-Zsg.ttf]
[fonts.gstatic.com/s/onest/v6/gNMZW3F-SZuj7zOT0IfSjTS16cPh9R-Zsg.ttf]
[fonts.gstatic.com/s/onest/v6/gNMZW3F-SZuj7zOT0IfSjTS16cPhxx-Zsg.ttf]
[fonts.gstatic.com/s/onest/v6/gNMZW3F-SZuj7zOT0IfSjTS16cPhKxiZsg.ttf]
[fonts.gstatic.com/s/onest/v6/gNMZW3F-SZuj7zOT0IfSjTS16cPhEhiZsg.ttf]
[fonts.gstatic.com/s/onest/v6/gNMZW3F-SZuj7zOT0IfSjTS16cPhdRiZsg.ttf]
[fonts.googleapis.com/css2e993.css]
[boost4u.cc/normalize.css]
[cdnjs.cloudflare.com/ajax/libs/jquery-modal/0.9.1/jquery.modal.min.css]
[fonts.gstatic.com/s/onest/v6/gNMZW3F-SZuj7zOT0IfSjTS16cPhXBiZsg.ttf]
[boost4u.cc/images/product_placeholder.4a.delayed]
[boost4u.cc/images/logo0100.png]
[boost4u.cc/images/contact.png]
[boost4u.cc/globalfdd7.css]
[boost4u.cc/images/check.svg]
[boost4u.cc/images/preload_mobile0100.png]
[boost4u.cc/responsivefdd7.css]
[unpkg.com/aos@2.3.1/dist/aos2.css]
[boost4u.cc/globalb1c8.css]
[boost4u.cc/responsiveb1c8.css]
[boost4u.cc/images/faviconb1c8.png]
[boost4u.cc/images/logob1c8.png]
[boost4u.cc/images/herob1c8.png]
[boost4u.cc/images/hero2b1c8.png]
[boost4u.cc/index-2.html]
[boost4u.cc/generalb1c8.js]
[discord.com/invite/boost4uf24f.html]
[discord.com/invite/boost4u4c33.html]
[discord.com/invite/boost4u8cdc.html]
[discord.com/invite/boost4uf9ce.html]
[discord.com/invite/boost4u3d02.html]
[discord.com/invite/boost4u48fa.html]
[discord.com/invite/boost4u85fb.html]
[discord.com/invite/boost4u75fc.html]
[discord.com/invite/boost4u92d6.html]
[discord.com/invite/boost4u43cf.html]
[discord.com/invite/boost4u5cfe.html]
[discord.com/invite/boost4uaceb.html]
[discord.com/invite/boost4u6116.html]
[discord.com/invite/boost4u1950.html]
[discord.com/invite/boost4u89a5.html]
[discord.com/invite/boost4u356b.html]
[discord.com/invite/boost4uc895.html]
[discord.com/invite/boost4ud020.html]
[discord.com/invite/boost4ua433.html]
[discord.com/invite/boost4uaaaa.html]
[discord.com/invite/boost4ue9a0.html]
[discord.com/invite/boost4ue20a.html]
[discord.com/invite/boost4u1d65.html]
[discord.com/invite/boost4u1519.html]
[discord.com/invite/boost4uc494.html]
[discord.com/invite/boost4u103e.html]
[discord.com/invite/boost4uc4f7.html]
[discord.com/invite/boost4u0d31.html]
[discord.com/invite/boost4uaf37.html]
[discord.com/invite/boost4ua07a.html]
[discord.com/invite/boost4ud6dc.html]
[discord.com/invite/boost4u799a.html]
[discord.com/invite/boost4u73fe.html]
[discord.com/invite/boost4u2362.html]
[cdn.discordapp.com/splashes/320617936391766017/01ce2183201fd3c6c43efaaecd20f0ea5168.jpg]
[discord.com/assets/favicon.ico]
[discord.com/assets/69646.7d7e90643f1175da130c.css]
[discord.com/assets/sentry.ba48824cfb4ad620504c.js]
[discord.com/invite/boost4u.html]
[discord.com/cdn-cgi/challenge-platform/h/b/scripts/jsd/6790c32b9fc9/maind41d.js]
[discord.com/assets/webMinimal.d648e802f7342b8bcf7e.js]
[boost4u.cc/global4d59.css]
[boost4u.cc/responsive4d59.css]
[boost4u.cc/images/favicon4d59.png]
[boost4u.cc/images/logo4d59.png]
[boost4u.cc/tos.html]
[boost4u.cc/global63d0.css]
[boost4u.cc/responsive63d0.css]
[boost4u.cc/images/product_placeholder.html]
[boost4u.cc/images/check.svg]
[boost4u.cc/globalb1c8.css]
[boost4u.cc/responsiveb1c8.css]
[discord.com/invite/boost4uf24f.html]
[discord.com/invite/boost4u4c33.html]
[discord.com/invite/boost4u8cdc.html]
[discord.com/invite/boost4uf9ce.html]
[discord.com/invite/boost4u3d02.html]
[discord.com/invite/boost4u48fa.html]
[discord.com/invite/boost4u85fb.html]
[discord.com/invite/boost4u75fc.html]
[discord.com/invite/boost4u92d6.html]
[discord.com/invite/boost4u43cf.html]
[discord.com/invite/boost4u5cfe.html]
[discord.com/invite/boost4uaceb.html]
[discord.com/invite/boost4u6116.html]
[discord.com/invite/boost4u1950.html]
[discord.com/invite/boost4u89a5.html]
[discord.com/invite/boost4u356b.html]
[discord.com/invite/boost4uc895.html]
[discord.com/invite/boost4ud020.html]
[discord.com/invite/boost4ua433.html]
[discord.com/invite/boost4uaaaa.html]
[discord.com/invite/boost4ue9a0.html]
[discord.com/invite/boost4ue20a.html]
[discord.com/invite/boost4u1d65.html]
[discord.com/invite/boost4u1519.html]
[boost4u.cc/general4d59.js]
[cdn.discordapp.com/assets/og_img_discord_home.png]
[discord.com/invite/boost4uc494.html]
[discord.com/invite/boost4u103e.html]
[discord.com/invite/boost4uc4f7.html]
[discord.com/invite/boost4u0d31.html]
[discord.com/invite/boost4uaf37.html]
[discord.com/invite/boost4ua07a.html]
[discord.com/invite/boost4ud6dc.html]
[discord.com/invite/boost4u799a.html]
[discord.com/invite/boost4u73fe.html]
[discord.com/invite/boost4u2362.html]
[discord.com/assets/20af45d300ce1c04443e.svg]
[discord.com/assets/41605bb4fdcb842806d1.svg]
[discord.com/assets/23a7a3fd6624342117bf.svg]
[discord.com/assets/1e4932a7afbb1fcdba2d.png]
[discord.com/assets/e1ce6b38901837435ec5.png]
[discord.com/assets/100be2be30b32a628334.svg]
[discord.com/assets/dd9b06ffbb7e3cbfd9c7.svg]
[discord.com/assets/4df9b025dea5255f15d3.svg]
[discord.com/assets/a4167cbe3710410db3f1.svg]
[discord.com/assets/ade6bb611944d7111473.svg]
[discord.com/assets/c5a74fc51ff67682b11a.svg]
[discord.com/assets/d7cf9cf832e722ab8205.svg]
[discord.com/assets/0d662aa6fda3233e3737.svg]
[discord.com/assets/198f58dde6d93e1c268e.svg]
[discord.com/assets/28e15ef5469cc0ba066a.svg]
[discord.com/assets/c81728de7a2fd662d919.svg]
[discord.com/assets/e4f7a6f2cecc62343d26.svg]
[discord.com/assets/aaf4187e7a474cc941fb.svg]
[discord.com/assets/5eb3bf7fdc26281e6ef6.svg]
[discord.com/assets/87f0109e579a0897293f.svg]
[discord.com/assets/dde34b80d1397cebf229.svg]
[discord.com/assets/e4573d730a04b8da3e3b.svg]
[discord.com/assets/09ac94260d534ad5175b.svg]
[discord.com/assets/73becd8d563e382725d9.svg]
[discord.com/assets/34ebe77906e980e37afd.svg]
[discord.com/assets/29c961d952c1212129a3.svg]
[discord.com/assets/4e9648e3230c19394176.svg]
[discord.com/assets/0b0bead3aa247b64c7c6.svg]
[discord.com/assets/daed516a12977e56187b.svg]
[discord.com/assets/b28ad4b1b830f3150d6f.svg]
[discord.com/assets/91f5f1f5c058115439e9.svg]
[discord.com/assets/ce18da85603ddf121c29.svg]
[discord.com/assets/789324c5b98edd691675.svg]
[discord.com/assets/ff5b3827ebf403d8541e.png]
[discord.com/assets/3864defb29e5da1a90f5.png]
[discord.com/assets/3354f6389453eab65b55.svg]
[discord.com/assets/a5d03581fa3b5e977c3d.svg]
[discord.com/assets/4c9467a859aad7fd8745.svg]
[discord.com/assets/31bb46be7ae2f39221d3.svg]
[discord.com/assets/55e1dff9b6a3ad363e9f.png]
[discord.com/assets/6cbb3575187f15df54fe.png]
[discord.com/assets/e8de2050ff99e00963e3.svg]
[discord.com/assets/3aeb3f118ace7756e2c3.svg]
[discord.com/assets/3e405b86c55c8d5007fd.svg]
[discord.com/assets/658353e531bde7fbe174.svg]
[discord.com/assets/7b057c07b77e5ef1edd3.svg]
[discord.com/assets/d6c64a1c429226fa463b.svg]
[discord.com/assets/ba3ff470c30c6fcd7a0f.svg]
[discord.com/assets/322debe0bcee092b935a.svg]
[discord.com/assets/7e50d2a0232faae50972.woff2]
[discord.com/assets/654d24e4330ec77788b1.woff2]
[discord.com/assets/c1b53be672aac192a996.woff2]
[discord.com/assets/8234e0a75aa9afb205bd.woff2]
[discord.com/assets/ecff74bf4394e6e58dd1.woff2]
[discord.com/assets/db0a7b5459a233f1f6c0.woff2]
[discord.com/assets/1222195a37d6dd10994e.woff2]
[discord.com/assets/0fb198ed8281d10bac11.woff2]
[discord.com/assets/b21c5111a12372139409.woff2]
[discord.com/assets/8bd8143eff37936894aa.woff2]
[discord.com/assets/6df261c61450af10af2f.woff2]
[discord.com/assets/ef2325329f07b2420f27.woff2]
[discord.com/assets/5757cfda6ca63444c894.woff2]
[discord.com/assets/13de5f52f815c6218355.woff2]
[discord.com/assets/6daadfe6e5f14c9213b7.woff2]
[discord.com/assets/452d7be36bf4b23241bd.woff2]
[discord.com/assets/b8cfca9c9b10ffcc6e53.woff2]
[discord.com/assets/b84ef5d4aa22d54ea96e.woff2]
[discord.com/assets/914a97ac83e173c66dd7.woff2]
[discord.com/assets/e5895f33d25eae65caf5.woff2]
[discord.com/assets/48a594e29497835802fe.woff2]
[discord.com/assets/f5b8aa3411dfc24ff2e6.woff2]
[discord.com/assets/475016f7a9e3e75b3670.woff2]
[discord.com/assets/1622f3625fb3a6eac2f2.woff2]
[discord.com/assets/050634333c5c80bb9a22.woff2]
[discord.com/assets/9c62c8f043a8a6353df1.woff2]
[discord.com/assets/7c2d4cc28b67d857a24e.woff2]
[discord.com/assets/a50bb45623137fc82dda.woff2]
[discord.com/assets/69646.7d7e90643f1175da130c.css]
[boost4u.cc/global4d59.css]
[boost4u.cc/responsive4d59.css]
[discord.com/assets/20af45d300ce1c04443e.svg]
[discord.com/assets/41605bb4fdcb842806d1.svg]
[discord.com/assets/23a7a3fd6624342117bf.svg]
[discord.com/assets/100be2be30b32a628334.svg]
[discord.com/assets/dd9b06ffbb7e3cbfd9c7.svg]
[discord.com/assets/4df9b025dea5255f15d3.svg]
[discord.com/assets/a4167cbe3710410db3f1.svg]
[discord.com/assets/ade6bb611944d7111473.svg]
[discord.com/assets/c5a74fc51ff67682b11a.svg]
[discord.com/assets/d7cf9cf832e722ab8205.svg]
[discord.com/assets/0d662aa6fda3233e3737.svg]
[discord.com/assets/198f58dde6d93e1c268e.svg]
[discord.com/assets/28e15ef5469cc0ba066a.svg]
[discord.com/assets/c81728de7a2fd662d919.svg]
[discord.com/assets/e4f7a6f2cecc62343d26.svg]
[discord.com/assets/aaf4187e7a474cc941fb.svg]
[discord.com/assets/5eb3bf7fdc26281e6ef6.svg]
[discord.com/assets/87f0109e579a0897293f.svg]
[discord.com/assets/dde34b80d1397cebf229.svg]
[discord.com/assets/e4573d730a04b8da3e3b.svg]
[discord.com/assets/09ac94260d534ad5175b.svg]
[discord.com/assets/73becd8d563e382725d9.svg]
[discord.com/assets/34ebe77906e980e37afd.svg]
[discord.com/assets/29c961d952c1212129a3.svg]
[discord.com/assets/4e9648e3230c19394176.svg]
[discord.com/assets/0b0bead3aa247b64c7c6.svg]
[discord.com/assets/daed516a12977e56187b.svg]
[discord.com/assets/b28ad4b1b830f3150d6f.svg]
[discord.com/assets/91f5f1f5c058115439e9.svg]
[discord.com/assets/ce18da85603ddf121c29.svg]
[discord.com/assets/789324c5b98edd691675.svg]
[discord.com/assets/3354f6389453eab65b55.svg]
[discord.com/assets/a5d03581fa3b5e977c3d.svg]
[discord.com/assets/4c9467a859aad7fd8745.svg]
[discord.com/assets/31bb46be7ae2f39221d3.svg]
[discord.com/assets/e8de2050ff99e00963e3.svg]
[discord.com/assets/3aeb3f118ace7756e2c3.svg]
[discord.com/assets/3e405b86c55c8d5007fd.svg]
[discord.com/assets/658353e531bde7fbe174.svg]
[discord.com/assets/7b057c07b77e5ef1edd3.svg]
[discord.com/assets/d6c64a1c429226fa463b.svg]
[discord.com/assets/ba3ff470c30c6fcd7a0f.svg]
[discord.com/assets/322debe0bcee092b935a.svg]
